[0m[2m[35m$[0m [2m[1mbun --watch run src/index.tsx[0m
[2J[3J[H[1m291 | [0m              lastMsg = { ...lastMsg, parts: lastMsg.parts[0m[3m[1m.toSpliced[0m(idx, [0m[33m1[0m, rejectedPart [0m[34mas[0m U
                    [1m[31m[1m^[0m
[31merror[0m[2m: [0m[1mThis assignment will throw because "lastMsg" is a constant[0m
    [2mat [0m[36m/Users/brolylee/2026web/brocode/apps/cli/src/lib/agent-loop.ts[0m[2m:[0m[33m291[0m[2m:[0m[33m15[0m

[2m265 | [0m    [0m[35mconst[0m lastMsg = messages[messages.length - [0m[33m1[0m]
                [34m[34m[1m^[0m
[34mnote[0m[2m: [0m[34mThe symbol "lastMsg" was declared a constant here:[0m
   [2mat [0m[36m/Users/brolylee/2026web/brocode/apps/cli/src/lib/agent-loop.ts[0m[2m:[0m[33m265[0m[2m:[0m[33m11[0m

[1m308 | [0m        lastMsg = { ...lastMsg, parts: lastMsg.parts[0m[3m[1m.toSpliced[0m(idx, [0m[33m1[0m, outputPart) }
              [1m[31m[1m^[0m
[31merror[0m[2m: [0m[1mThis assignment will throw because "lastMsg" is a constant[0m
    [2mat [0m[36m/Users/brolylee/2026web/brocode/apps/cli/src/lib/agent-loop.ts[0m[2m:[0m[33m308[0m[2m:[0m[33m9[0m

[2m265 | [0m    [0m[35mconst[0m lastMsg = messages[messages.length - [0m[33m1[0m]
                [34m[34m[1m^[0m
[34mnote[0m[2m: [0m[34mThe symbol "lastMsg" was declared a constant here:[0m
   [2mat [0m[36m/Users/brolylee/2026web/brocode/apps/cli/src/lib/agent-loop.ts[0m[2m:[0m[33m265[0m[2m:[0m[33m11[0m
[2J[3J[H[1m292 | [0m              lastMsg = { ...lastMsg, parts: newParts }
                    [1m[31m[1m^[0m
[31merror[0m[2m: [0m[1mThis assignment will throw because "lastMsg" is a constant[0m
    [2mat [0m[36m/Users/brolylee/2026web/brocode/apps/cli/src/lib/agent-loop.ts[0m[2m:[0m[33m292[0m[2m:[0m[33m15[0m

[2m265 | [0m    [0m[35mconst[0m lastMsg = messages[messages.length - [0m[33m1[0m]
                [34m[34m[1m^[0m
[34mnote[0m[2m: [0m[34mThe symbol "lastMsg" was declared a constant here:[0m
   [2mat [0m[36m/Users/brolylee/2026web/brocode/apps/cli/src/lib/agent-loop.ts[0m[2m:[0m[33m265[0m[2m:[0m[33m11[0m

[1m309 | [0m        lastMsg = { ...lastMsg, parts: lastMsg.parts[0m[3m[1m.toSpliced[0m(idx, [0m[33m1[0m, outputPart) }
              [1m[31m[1m^[0m
[31merror[0m[2m: [0m[1mThis assignment will throw because "lastMsg" is a constant[0m
    [2mat [0m[36m/Users/brolylee/2026web/brocode/apps/cli/src/lib/agent-loop.ts[0m[2m:[0m[33m309[0m[2m:[0m[33m9[0m

[2m265 | [0m    [0m[35mconst[0m lastMsg = messages[messages.length - [0m[33m1[0m]
                [34m[34m[1m^[0m
[34mnote[0m[2m: [0m[34mThe symbol "lastMsg" was declared a constant here:[0m
   [2mat [0m[36m/Users/brolylee/2026web/brocode/apps/cli/src/lib/agent-loop.ts[0m[2m:[0m[33m265[0m[2m:[0m[33m11[0m
[2J[3J[H[1m292 | [0m              lastMsg = { ...lastMsg, parts: newParts }
                    [1m[31m[1m^[0m
[31merror[0m[2m: [0m[1mThis assignment will throw because "lastMsg" is a constant[0m
    [2mat [0m[36m/Users/brolylee/2026web/brocode/apps/cli/src/lib/agent-loop.ts[0m[2m:[0m[33m292[0m[2m:[0m[33m15[0m

[2m265 | [0m    [0m[35mconst[0m lastMsg = messages[messages.length - [0m[33m1[0m]
                [34m[34m[1m^[0m
[34mnote[0m[2m: [0m[34mThe symbol "lastMsg" was declared a constant here:[0m
   [2mat [0m[36m/Users/brolylee/2026web/brocode/apps/cli/src/lib/agent-loop.ts[0m[2m:[0m[33m265[0m[2m:[0m[33m11[0m

[1m310 | [0m        lastMsg = { ...lastMsg, parts: newParts }
              [1m[31m[1m^[0m
[31merror[0m[2m: [0m[1mThis assignment will throw because "lastMsg" is a constant[0m
    [2mat [0m[36m/Users/brolylee/2026web/brocode/apps/cli/src/lib/agent-loop.ts[0m[2m:[0m[33m310[0m[2m:[0m[33m9[0m

[2m265 | [0m    [0m[35mconst[0m lastMsg = messages[messages.length - [0m[33m1[0m]
                [34m[34m[1m^[0m
[34mnote[0m[2m: [0m[34mThe symbol "lastMsg" was declared a constant here:[0m
   [2mat [0m[36m/Users/brolylee/2026web/brocode/apps/cli/src/lib/agent-loop.ts[0m[2m:[0m[33m265[0m[2m:[0m[33m11[0m
[2J[3J[H[1m292 | [0m              lastMsg = { ...lastMsg, parts: newParts }
                    [1m[31m[1m^[0m
[31merror[0m[2m: [0m[1mThis assignment will throw because "lastMsg" is a constant[0m
    [2mat [0m[36m/Users/brolylee/2026web/brocode/apps/cli/src/lib/agent-loop.ts[0m[2m:[0m[33m292[0m[2m:[0m[33m15[0m

[2m265 | [0m    [0m[35mconst[0m lastMsg = messages[messages.length - [0m[33m1[0m]
                [34m[34m[1m^[0m
[34mnote[0m[2m: [0m[34mThe symbol "lastMsg" was declared a constant here:[0m
   [2mat [0m[36m/Users/brolylee/2026web/brocode/apps/cli/src/lib/agent-loop.ts[0m[2m:[0m[33m265[0m[2m:[0m[33m11[0m

[1m310 | [0m        lastMsg = { ...lastMsg, parts: newParts }
              [1m[31m[1m^[0m
[31merror[0m[2m: [0m[1mThis assignment will throw because "lastMsg" is a constant[0m
    [2mat [0m[36m/Users/brolylee/2026web/brocode/apps/cli/src/lib/agent-loop.ts[0m[2m:[0m[33m310[0m[2m:[0m[33m9[0m

[2m265 | [0m    [0m[35mconst[0m lastMsg = messages[messages.length - [0m[33m1[0m]
                [34m[34m[1m^[0m
[34mnote[0m[2m: [0m[34mThe symbol "lastMsg" was declared a constant here:[0m
   [2mat [0m[36m/Users/brolylee/2026web/brocode/apps/cli/src/lib/agent-loop.ts[0m[2m:[0m[33m265[0m[2m:[0m[33m11[0m
[2J[3J[H[2J[3J[H[2J[3J[H[2J[3J[H[2J[3J[H[2J[3J[H[2J[3J[H[2J[3J[H[2J[3J[H[2J[3J[H[2J[3J[H[2J[3J[H[2J[3J[H[2J[3J[H[2J[3J[H[2J[3J[H[2J[3J[H[2J[3J[H[2J[3J[H[2J[3J[H[2J[3J[H[2J[3J[H[2J[3J[H[0m[1m8862 |[0m     })[0m[2m;[0m
[0m[1m8863 |[0m     [0m[33mthis[0m[0m[3m[1m.addInputHandler[0m([0m[33mthis[0m.capabilityHandler)[0m[2m;[0m
[0m[1m8864 |[0m     [0m[33mthis[0m[0m[3m[1m.addInputHandler[0m([0m[33mthis[0m.focusHandler)[0m[2m;[0m
[0m[1m8865 |[0m     [0m[33mthis[0m[0m[3m[1m.addInputHandler[0m([0m[33mthis[0m.themeModeHandler)[0m[2m;[0m
[0m[1m8866 |[0m     [0m[35mif[0m ([0m[33mthis[0m.stdin.setRawMode) {
[0m[1m8867 |[0m       [0m[33mthis[0m.stdin[0m[3m[1m.setRawMode[0m([0m[33mtrue[0m)[0m[2m;[0m
                        [31m[1m^[0m
[0m[31merror[0m[2m:[0m [1msetRawMode failed with errno: 5[0m
[0m      [2mat [0m[0m[2m<anonymous>[0m[2m ([0m[0m[36mnode:tty[0m[2m:[0m[33m31[0m[2m:[33m42[0m[2m)[0m
[0m      [2mat [0m[0m[1m[3msetupInput[0m[2m ([0m[0m[36m/Users/brolylee/2026web/brocode/node_modules/.bun/@opentui+core@0.4.2+64015adf11caec84/node_modules/@opentui/core/index-6xr3rbbe.js[0m[2m:[0m[33m8867[0m[2m:[33m18[0m[2m)[0m
[0m      [2mat [0mnew CliRenderer[2m ([0m[0m[36m/Users/brolylee/2026web/brocode/node_modules/.bun/@opentui+core@0.4.2+64015adf11caec84/node_modules/@opentui/core/index-6xr3rbbe.js[0m[2m:[0m[33m7320[0m[2m:[33m12[0m[2m)[0m
[0m      [2mat [0m[0m[1m[3mcreateCliRenderer[0m[2m ([0m[0m[36m/Users/brolylee/2026web/brocode/node_modules/.bun/@opentui+core@0.4.2+64015adf11caec84/node_modules/@opentui/core/index-6xr3rbbe.js[0m[2m:[0m[33m6879[0m[2m:[33m20[0m[2m)[0m
[0m      [2mat [0m[0m[36m[2m/Users/brolylee/2026web/brocode/apps/cli/[0m[36msrc/index.tsx[0m[2m:[0m[33m5[0m[2m:[33m24[0m
[2J[3J[H[0m[1m8862 |[0m     })[0m[2m;[0m
[0m[1m8863 |[0m     [0m[33mthis[0m[0m[3m[1m.addInputHandler[0m([0m[33mthis[0m.capabilityHandler)[0m[2m;[0m
[0m[1m8864 |[0m     [0m[33mthis[0m[0m[3m[1m.addInputHandler[0m([0m[33mthis[0m.focusHandler)[0m[2m;[0m
[0m[1m8865 |[0m     [0m[33mthis[0m[0m[3m[1m.addInputHandler[0m([0m[33mthis[0m.themeModeHandler)[0m[2m;[0m
[0m[1m8866 |[0m     [0m[35mif[0m ([0m[33mthis[0m.stdin.setRawMode) {
[0m[1m8867 |[0m       [0m[33mthis[0m.stdin[0m[3m[1m.setRawMode[0m([0m[33mtrue[0m)[0m[2m;[0m
                        [31m[1m^[0m
[0m[31merror[0m[2m:[0m [1msetRawMode failed with errno: 5[0m
[0m      [2mat [0m[0m[2m<anonymous>[0m[2m ([0m[0m[36mnode:tty[0m[2m:[0m[33m31[0m[2m:[33m42[0m[2m)[0m
[0m      [2mat [0m[0m[1m[3msetupInput[0m[2m ([0m[0m[36m/Users/brolylee/2026web/brocode/node_modules/.bun/@opentui+core@0.4.2+64015adf11caec84/node_modules/@opentui/core/index-6xr3rbbe.js[0m[2m:[0m[33m8867[0m[2m:[33m18[0m[2m)[0m
[0m      [2mat [0mnew CliRenderer[2m ([0m[0m[36m/Users/brolylee/2026web/brocode/node_modules/.bun/@opentui+core@0.4.2+64015adf11caec84/node_modules/@opentui/core/index-6xr3rbbe.js[0m[2m:[0m[33m7320[0m[2m:[33m12[0m[2m)[0m
[0m      [2mat [0m[0m[1m[3mcreateCliRenderer[0m[2m ([0m[0m[36m/Users/brolylee/2026web/brocode/node_modules/.bun/@opentui+core@0.4.2+64015adf11caec84/node_modules/@opentui/core/index-6xr3rbbe.js[0m[2m:[0m[33m6879[0m[2m:[33m20[0m[2m)[0m
[0m      [2mat [0m[0m[36m[2m/Users/brolylee/2026web/brocode/apps/cli/[0m[36msrc/index.tsx[0m[2m:[0m[33m5[0m[2m:[33m24[0m
[2J[3J[H[0m[31mSyntaxError[0m[2m:[0m [1mExport named 'createTextInstance' not found in module '/Users/brolylee/2026web/brocode/node_modules/.bun/@opentui+core@0.4.2+64015adf11caec84/node_modules/@opentui/core/index.js'.[0m
[2J[3J[H[0m[31mSyntaxError[0m[2m:[0m [1mExport named 'TextNodeRenderable2' not found in module '/Users/brolylee/2026web/brocode/node_modules/.bun/@opentui+react@0.4.2+fd741abea5a7569f/node_modules/@opentui/react/index.js'.[0m
[2J[3J[H[0m[1m8862 |[0m     })[0m[2m;[0m
[0m[1m8863 |[0m     [0m[33mthis[0m[0m[3m[1m.addInputHandler[0m([0m[33mthis[0m.capabilityHandler)[0m[2m;[0m
[0m[1m8864 |[0m     [0m[33mthis[0m[0m[3m[1m.addInputHandler[0m([0m[33mthis[0m.focusHandler)[0m[2m;[0m
[0m[1m8865 |[0m     [0m[33mthis[0m[0m[3m[1m.addInputHandler[0m([0m[33mthis[0m.themeModeHandler)[0m[2m;[0m
[0m[1m8866 |[0m     [0m[35mif[0m ([0m[33mthis[0m.stdin.setRawMode) {
[0m[1m8867 |[0m       [0m[33mthis[0m.stdin[0m[3m[1m.setRawMode[0m([0m[33mtrue[0m)[0m[2m;[0m
                        [31m[1m^[0m
[0m[31merror[0m[2m:[0m [1msetRawMode failed with errno: 5[0m
[0m      [2mat [0m[0m[2m<anonymous>[0m[2m ([0m[0m[36mnode:tty[0m[2m:[0m[33m31[0m[2m:[33m42[0m[2m)[0m
[0m      [2mat [0m[0m[1m[3msetupInput[0m[2m ([0m[0m[36m/Users/brolylee/2026web/brocode/node_modules/.bun/@opentui+core@0.4.2+64015adf11caec84/node_modules/@opentui/core/index-6xr3rbbe.js[0m[2m:[0m[33m8867[0m[2m:[33m18[0m[2m)[0m
[0m      [2mat [0mnew CliRenderer[2m ([0m[0m[36m/Users/brolylee/2026web/brocode/node_modules/.bun/@opentui+core@0.4.2+64015adf11caec84/node_modules/@opentui/core/index-6xr3rbbe.js[0m[2m:[0m[33m7320[0m[2m:[33m12[0m[2m)[0m
[0m      [2mat [0m[0m[1m[3mcreateCliRenderer[0m[2m ([0m[0m[36m/Users/brolylee/2026web/brocode/node_modules/.bun/@opentui+core@0.4.2+64015adf11caec84/node_modules/@opentui/core/index-6xr3rbbe.js[0m[2m:[0m[33m6879[0m[2m:[33m20[0m[2m)[0m
[0m      [2mat [0m[0m[36m[2m/Users/brolylee/2026web/brocode/apps/cli/[0m[36msrc/index.tsx[0m[2m:[0m[33m5[0m[2m:[33m24[0m
[2J[3J[H[0m[1m8862 |[0m     })[0m[2m;[0m
[0m[1m8863 |[0m     [0m[33mthis[0m[0m[3m[1m.addInputHandler[0m([0m[33mthis[0m.capabilityHandler)[0m[2m;[0m
[0m[1m8864 |[0m     [0m[33mthis[0m[0m[3m[1m.addInputHandler[0m([0m[33mthis[0m.focusHandler)[0m[2m;[0m
[0m[1m8865 |[0m     [0m[33mthis[0m[0m[3m[1m.addInputHandler[0m([0m[33mthis[0m.themeModeHandler)[0m[2m;[0m
[0m[1m8866 |[0m     [0m[35mif[0m ([0m[33mthis[0m.stdin.setRawMode) {
[0m[1m8867 |[0m       [0m[33mthis[0m.stdin[0m[3m[1m.setRawMode[0m([0m[33mtrue[0m)[0m[2m;[0m
                        [31m[1m^[0m
[0m[31merror[0m[2m:[0m [1msetRawMode failed with errno: 5[0m
[0m      [2mat [0m[0m[2m<anonymous>[0m[2m ([0m[0m[36mnode:tty[0m[2m:[0m[33m31[0m[2m:[33m42[0m[2m)[0m
[0m      [2mat [0m[0m[1m[3msetupInput[0m[2m ([0m[0m[36m/Users/brolylee/2026web/brocode/node_modules/.bun/@opentui+core@0.4.2+64015adf11caec84/node_modules/@opentui/core/index-6xr3rbbe.js[0m[2m:[0m[33m8867[0m[2m:[33m18[0m[2m)[0m
[0m      [2mat [0mnew CliRenderer[2m ([0m[0m[36m/Users/brolylee/2026web/brocode/node_modules/.bun/@opentui+core@0.4.2+64015adf11caec84/node_modules/@opentui/core/index-6xr3rbbe.js[0m[2m:[0m[33m7320[0m[2m:[33m12[0m[2m)[0m
[0m      [2mat [0m[0m[1m[3mcreateCliRenderer[0m[2m ([0m[0m[36m/Users/brolylee/2026web/brocode/node_modules/.bun/@opentui+core@0.4.2+64015adf11caec84/node_modules/@opentui/core/index-6xr3rbbe.js[0m[2m:[0m[33m6879[0m[2m:[33m20[0m[2m)[0m
[0m      [2mat [0m[0m[36m[2m/Users/brolylee/2026web/brocode/apps/cli/[0m[36msrc/index.tsx[0m[2m:[0m[33m5[0m[2m:[33m24[0m
[2J[3J[H[0m[1m8862 |[0m     })[0m[2m;[0m
[0m[1m8863 |[0m     [0m[33mthis[0m[0m[3m[1m.addInputHandler[0m([0m[33mthis[0m.capabilityHandler)[0m[2m;[0m
[0m[1m8864 |[0m     [0m[33mthis[0m[0m[3m[1m.addInputHandler[0m([0m[33mthis[0m.focusHandler)[0m[2m;[0m
[0m[1m8865 |[0m     [0m[33mthis[0m[0m[3m[1m.addInputHandler[0m([0m[33mthis[0m.themeModeHandler)[0m[2m;[0m
[0m[1m8866 |[0m     [0m[35mif[0m ([0m[33mthis[0m.stdin.setRawMode) {
[0m[1m8867 |[0m       [0m[33mthis[0m.stdin[0m[3m[1m.setRawMode[0m([0m[33mtrue[0m)[0m[2m;[0m
                        [31m[1m^[0m
[0m[31merror[0m[2m:[0m [1msetRawMode failed with errno: 5[0m
[0m      [2mat [0m[0m[2m<anonymous>[0m[2m ([0m[0m[36mnode:tty[0m[2m:[0m[33m31[0m[2m:[33m42[0m[2m)[0m
[0m      [2mat [0m[0m[1m[3msetupInput[0m[2m ([0m[0m[36m/Users/brolylee/2026web/brocode/node_modules/.bun/@opentui+core@0.4.2+64015adf11caec84/node_modules/@opentui/core/index-6xr3rbbe.js[0m[2m:[0m[33m8867[0m[2m:[33m18[0m[2m)[0m
[0m      [2mat [0mnew CliRenderer[2m ([0m[0m[36m/Users/brolylee/2026web/brocode/node_modules/.bun/@opentui+core@0.4.2+64015adf11caec84/node_modules/@opentui/core/index-6xr3rbbe.js[0m[2m:[0m[33m7320[0m[2m:[33m12[0m[2m)[0m
[0m      [2mat [0m[0m[1m[3mcreateCliRenderer[0m[2m ([0m[0m[36m/Users/brolylee/2026web/brocode/node_modules/.bun/@opentui+core@0.4.2+64015adf11caec84/node_modules/@opentui/core/index-6xr3rbbe.js[0m[2m:[0m[33m6879[0m[2m:[33m20[0m[2m)[0m
[0m      [2mat [0m[0m[36m[2m/Users/brolylee/2026web/brocode/apps/cli/[0m[36msrc/index.tsx[0m[2m:[0m[33m5[0m[2m:[33m24[0m
[2J[3J[H[0m[1m8862 |[0m     })[0m[2m;[0m
[0m[1m8863 |[0m     [0m[33mthis[0m[0m[3m[1m.addInputHandler[0m([0m[33mthis[0m.capabilityHandler)[0m[2m;[0m
[0m[1m8864 |[0m     [0m[33mthis[0m[0m[3m[1m.addInputHandler[0m([0m[33mthis[0m.focusHandler)[0m[2m;[0m
[0m[1m8865 |[0m     [0m[33mthis[0m[0m[3m[1m.addInputHandler[0m([0m[33mthis[0m.themeModeHandler)[0m[2m;[0m
[0m[1m8866 |[0m     [0m[35mif[0m ([0m[33mthis[0m.stdin.setRawMode) {
[0m[1m8867 |[0m       [0m[33mthis[0m.stdin[0m[3m[1m.setRawMode[0m([0m[33mtrue[0m)[0m[2m;[0m
                        [31m[1m^[0m
[0m[31merror[0m[2m:[0m [1msetRawMode failed with errno: 5[0m
[0m      [2mat [0m[0m[2m<anonymous>[0m[2m ([0m[0m[36mnode:tty[0m[2m:[0m[33m31[0m[2m:[33m42[0m[2m)[0m
[0m      [2mat [0m[0m[1m[3msetupInput[0m[2m ([0m[0m[36m/Users/brolylee/2026web/brocode/node_modules/.bun/@opentui+core@0.4.2+64015adf11caec84/node_modules/@opentui/core/index-6xr3rbbe.js[0m[2m:[0m[33m8867[0m[2m:[33m18[0m[2m)[0m
[0m      [2mat [0mnew CliRenderer[2m ([0m[0m[36m/Users/brolylee/2026web/brocode/node_modules/.bun/@opentui+core@0.4.2+64015adf11caec84/node_modules/@opentui/core/index-6xr3rbbe.js[0m[2m:[0m[33m7320[0m[2m:[33m12[0m[2m)[0m
[0m      [2mat [0m[0m[1m[3mcreateCliRenderer[0m[2m ([0m[0m[36m/Users/brolylee/2026web/brocode/node_modules/.bun/@opentui+core@0.4.2+64015adf11caec84/node_modules/@opentui/core/index-6xr3rbbe.js[0m[2m:[0m[33m6879[0m[2m:[33m20[0m[2m)[0m
[0m      [2mat [0m[0m[36m[2m/Users/brolylee/2026web/brocode/apps/cli/[0m[36msrc/index.tsx[0m[2m:[0m[33m5[0m[2m:[33m24[0m
[2J[3J[H[0m[1m8862 |[0m     })[0m[2m;[0m
[0m[1m8863 |[0m     [0m[33mthis[0m[0m[3m[1m.addInputHandler[0m([0m[33mthis[0m.capabilityHandler)[0m[2m;[0m
[0m[1m8864 |[0m     [0m[33mthis[0m[0m[3m[1m.addInputHandler[0m([0m[33mthis[0m.focusHandler)[0m[2m;[0m
[0m[1m8865 |[0m     [0m[33mthis[0m[0m[3m[1m.addInputHandler[0m([0m[33mthis[0m.themeModeHandler)[0m[2m;[0m
[0m[1m8866 |[0m     [0m[35mif[0m ([0m[33mthis[0m.stdin.setRawMode) {
[0m[1m8867 |[0m       [0m[33mthis[0m.stdin[0m[3m[1m.setRawMode[0m([0m[33mtrue[0m)[0m[2m;[0m
                        [31m[1m^[0m
[0m[31merror[0m[2m:[0m [1msetRawMode failed with errno: 5[0m
[0m      [2mat [0m[0m[2m<anonymous>[0m[2m ([0m[0m[36mnode:tty[0m[2m:[0m[33m31[0m[2m:[33m42[0m[2m)[0m
[0m      [2mat [0m[0m[1m[3msetupInput[0m[2m ([0m[0m[36m/Users/brolylee/2026web/brocode/node_modules/.bun/@opentui+core@0.4.2+64015adf11caec84/node_modules/@opentui/core/index-6xr3rbbe.js[0m[2m:[0m[33m8867[0m[2m:[33m18[0m[2m)[0m
[0m      [2mat [0mnew CliRenderer[2m ([0m[0m[36m/Users/brolylee/2026web/brocode/node_modules/.bun/@opentui+core@0.4.2+64015adf11caec84/node_modules/@opentui/core/index-6xr3rbbe.js[0m[2m:[0m[33m7320[0m[2m:[33m12[0m[2m)[0m
[0m      [2mat [0m[0m[1m[3mcreateCliRenderer[0m[2m ([0m[0m[36m/Users/brolylee/2026web/brocode/node_modules/.bun/@opentui+core@0.4.2+64015adf11caec84/node_modules/@opentui/core/index-6xr3rbbe.js[0m[2m:[0m[33m6879[0m[2m:[33m20[0m[2m)[0m
[0m      [2mat [0m[0m[36m[2m/Users/brolylee/2026web/brocode/apps/cli/[0m[36msrc/index.tsx[0m[2m:[0m[33m5[0m[2m:[33m24[0m
[2J[3J[H[0m[1m8862 |[0m     })[0m[2m;[0m
[0m[1m8863 |[0m     [0m[33mthis[0m[0m[3m[1m.addInputHandler[0m([0m[33mthis[0m.capabilityHandler)[0m[2m;[0m
[0m[1m8864 |[0m     [0m[33mthis[0m[0m[3m[1m.addInputHandler[0m([0m[33mthis[0m.focusHandler)[0m[2m;[0m
[0m[1m8865 |[0m     [0m[33mthis[0m[0m[3m[1m.addInputHandler[0m([0m[33mthis[0m.themeModeHandler)[0m[2m;[0m
[0m[1m8866 |[0m     [0m[35mif[0m ([0m[33mthis[0m.stdin.setRawMode) {
[0m[1m8867 |[0m       [0m[33mthis[0m.stdin[0m[3m[1m.setRawMode[0m([0m[33mtrue[0m)[0m[2m;[0m
                        [31m[1m^[0m
[0m[31merror[0m[2m:[0m [1msetRawMode failed with errno: 5[0m
[0m      [2mat [0m[0m[2m<anonymous>[0m[2m ([0m[0m[36mnode:tty[0m[2m:[0m[33m31[0m[2m:[33m42[0m[2m)[0m
[0m      [2mat [0m[0m[1m[3msetupInput[0m[2m ([0m[0m[36m/Users/brolylee/2026web/brocode/node_modules/.bun/@opentui+core@0.4.2+64015adf11caec84/node_modules/@opentui/core/index-6xr3rbbe.js[0m[2m:[0m[33m8867[0m[2m:[33m18[0m[2m)[0m
[0m      [2mat [0mnew CliRenderer[2m ([0m[0m[36m/Users/brolylee/2026web/brocode/node_modules/.bun/@opentui+core@0.4.2+64015adf11caec84/node_modules/@opentui/core/index-6xr3rbbe.js[0m[2m:[0m[33m7320[0m[2m:[33m12[0m[2m)[0m
[0m      [2mat [0m[0m[1m[3mcreateCliRenderer[0m[2m ([0m[0m[36m/Users/brolylee/2026web/brocode/node_modules/.bun/@opentui+core@0.4.2+64015adf11caec84/node_modules/@opentui/core/index-6xr3rbbe.js[0m[2m:[0m[33m6879[0m[2m:[33m20[0m[2m)[0m
[0m      [2mat [0m[0m[36m[2m/Users/brolylee/2026web/brocode/apps/cli/[0m[36msrc/index.tsx[0m[2m:[0m[33m5[0m[2m:[33m24[0m
[2J[3J[H[0m[1m8862 |[0m     })[0m[2m;[0m
[0m[1m8863 |[0m     [0m[33mthis[0m[0m[3m[1m.addInputHandler[0m([0m[33mthis[0m.capabilityHandler)[0m[2m;[0m
[0m[1m8864 |[0m     [0m[33mthis[0m[0m[3m[1m.addInputHandler[0m([0m[33mthis[0m.focusHandler)[0m[2m;[0m
[0m[1m8865 |[0m     [0m[33mthis[0m[0m[3m[1m.addInputHandler[0m([0m[33mthis[0m.themeModeHandler)[0m[2m;[0m
[0m[1m8866 |[0m     [0m[35mif[0m ([0m[33mthis[0m.stdin.setRawMode) {
[0m[1m8867 |[0m       [0m[33mthis[0m.stdin[0m[3m[1m.setRawMode[0m([0m[33mtrue[0m)[0m[2m;[0m
                        [31m[1m^[0m
[0m[31merror[0m[2m:[0m [1msetRawMode failed with errno: 5[0m
[0m      [2mat [0m[0m[2m<anonymous>[0m[2m ([0m[0m[36mnode:tty[0m[2m:[0m[33m31[0m[2m:[33m42[0m[2m)[0m
[0m      [2mat [0m[0m[1m[3msetupInput[0m[2m ([0m[0m[36m/Users/brolylee/2026web/brocode/node_modules/.bun/@opentui+core@0.4.2+64015adf11caec84/node_modules/@opentui/core/index-6xr3rbbe.js[0m[2m:[0m[33m8867[0m[2m:[33m18[0m[2m)[0m
[0m      [2mat [0mnew CliRenderer[2m ([0m[0m[36m/Users/brolylee/2026web/brocode/node_modules/.bun/@opentui+core@0.4.2+64015adf11caec84/node_modules/@opentui/core/index-6xr3rbbe.js[0m[2m:[0m[33m7320[0m[2m:[33m12[0m[2m)[0m
[0m      [2mat [0m[0m[1m[3mcreateCliRenderer[0m[2m ([0m[0m[36m/Users/brolylee/2026web/brocode/node_modules/.bun/@opentui+core@0.4.2+64015adf11caec84/node_modules/@opentui/core/index-6xr3rbbe.js[0m[2m:[0m[33m6879[0m[2m:[33m20[0m[2m)[0m
[0m      [2mat [0m[0m[36m[2m/Users/brolylee/2026web/brocode/apps/cli/[0m[36msrc/index.tsx[0m[2m:[0m[33m5[0m[2m:[33m24[0m
[2J[3J[H[0m[1m8862 |[0m     })[0m[2m;[0m
[0m[1m8863 |[0m     [0m[33mthis[0m[0m[3m[1m.addInputHandler[0m([0m[33mthis[0m.capabilityHandler)[0m[2m;[0m
[0m[1m8864 |[0m     [0m[33mthis[0m[0m[3m[1m.addInputHandler[0m([0m[33mthis[0m.focusHandler)[0m[2m;[0m
[0m[1m8865 |[0m     [0m[33mthis[0m[0m[3m[1m.addInputHandler[0m([0m[33mthis[0m.themeModeHandler)[0m[2m;[0m
[0m[1m8866 |[0m     [0m[35mif[0m ([0m[33mthis[0m.stdin.setRawMode) {
[0m[1m8867 |[0m       [0m[33mthis[0m.stdin[0m[3m[1m.setRawMode[0m([0m[33mtrue[0m)[0m[2m;[0m
                        [31m[1m^[0m
[0m[31merror[0m[2m:[0m [1msetRawMode failed with errno: 5[0m
[0m      [2mat [0m[0m[2m<anonymous>[0m[2m ([0m[0m[36mnode:tty[0m[2m:[0m[33m31[0m[2m:[33m42[0m[2m)[0m
[0m      [2mat [0m[0m[1m[3msetupInput[0m[2m ([0m[0m[36m/Users/brolylee/2026web/brocode/node_modules/.bun/@opentui+core@0.4.2+64015adf11caec84/node_modules/@opentui/core/index-6xr3rbbe.js[0m[2m:[0m[33m8867[0m[2m:[33m18[0m[2m)[0m
[0m      [2mat [0mnew CliRenderer[2m ([0m[0m[36m/Users/brolylee/2026web/brocode/node_modules/.bun/@opentui+core@0.4.2+64015adf11caec84/node_modules/@opentui/core/index-6xr3rbbe.js[0m[2m:[0m[33m7320[0m[2m:[33m12[0m[2m)[0m
[0m      [2mat [0m[0m[1m[3mcreateCliRenderer[0m[2m ([0m[0m[36m/Users/brolylee/2026web/brocode/node_modules/.bun/@opentui+core@0.4.2+64015adf11caec84/node_modules/@opentui/core/index-6xr3rbbe.js[0m[2m:[0m[33m6879[0m[2m:[33m20[0m[2m)[0m
[0m      [2mat [0m[0m[36m[2m/Users/brolylee/2026web/brocode/apps/cli/[0m[36msrc/index.tsx[0m[2m:[0m[33m16[0m[2m:[33m24[0m
[2J[3J[H[0m[1m8862 |[0m     })[0m[2m;[0m
[0m[1m8863 |[0m     [0m[33mthis[0m[0m[3m[1m.addInputHandler[0m([0m[33mthis[0m.capabilityHandler)[0m[2m;[0m
[0m[1m8864 |[0m     [0m[33mthis[0m[0m[3m[1m.addInputHandler[0m([0m[33mthis[0m.focusHandler)[0m[2m;[0m
[0m[1m8865 |[0m     [0m[33mthis[0m[0m[3m[1m.addInputHandler[0m([0m[33mthis[0m.themeModeHandler)[0m[2m;[0m
[0m[1m8866 |[0m     [0m[35mif[0m ([0m[33mthis[0m.stdin.setRawMode) {
[0m[1m8867 |[0m       [0m[33mthis[0m.stdin[0m[3m[1m.setRawMode[0m([0m[33mtrue[0m)[0m[2m;[0m
                        [31m[1m^[0m
[0m[31merror[0m[2m:[0m [1msetRawMode failed with errno: 5[0m
[0m      [2mat [0m[0m[2m<anonymous>[0m[2m ([0m[0m[36mnode:tty[0m[2m:[0m[33m31[0m[2m:[33m42[0m[2m)[0m
[0m      [2mat [0m[0m[1m[3msetupInput[0m[2m ([0m[0m[36m/Users/brolylee/2026web/brocode/node_modules/.bun/@opentui+core@0.4.2+64015adf11caec84/node_modules/@opentui/core/index-6xr3rbbe.js[0m[2m:[0m[33m8867[0m[2m:[33m18[0m[2m)[0m
[0m      [2mat [0mnew CliRenderer[2m ([0m[0m[36m/Users/brolylee/2026web/brocode/node_modules/.bun/@opentui+core@0.4.2+64015adf11caec84/node_modules/@opentui/core/index-6xr3rbbe.js[0m[2m:[0m[33m7320[0m[2m:[33m12[0m[2m)[0m
[0m      [2mat [0m[0m[1m[3mcreateCliRenderer[0m[2m ([0m[0m[36m/Users/brolylee/2026web/brocode/node_modules/.bun/@opentui+core@0.4.2+64015adf11caec84/node_modules/@opentui/core/index-6xr3rbbe.js[0m[2m:[0m[33m6879[0m[2m:[33m20[0m[2m)[0m
[0m      [2mat [0m[0m[36m[2m/Users/brolylee/2026web/brocode/apps/cli/[0m[36msrc/index.tsx[0m[2m:[0m[33m16[0m[2m:[33m24[0m
[2J[3J[H[0m[1m8862 |[0m     })[0m[2m;[0m
[0m[1m8863 |[0m     [0m[33mthis[0m[0m[3m[1m.addInputHandler[0m([0m[33mthis[0m.capabilityHandler)[0m[2m;[0m
[0m[1m8864 |[0m     [0m[33mthis[0m[0m[3m[1m.addInputHandler[0m([0m[33mthis[0m.focusHandler)[0m[2m;[0m
[0m[1m8865 |[0m     [0m[33mthis[0m[0m[3m[1m.addInputHandler[0m([0m[33mthis[0m.themeModeHandler)[0m[2m;[0m
[0m[1m8866 |[0m     [0m[35mif[0m ([0m[33mthis[0m.stdin.setRawMode) {
[0m[1m8867 |[0m       [0m[33mthis[0m.stdin[0m[3m[1m.setRawMode[0m([0m[33mtrue[0m)[0m[2m;[0m
                        [31m[1m^[0m
[0m[31merror[0m[2m:[0m [1msetRawMode failed with errno: 5[0m
[0m      [2mat [0m[0m[2m<anonymous>[0m[2m ([0m[0m[36mnode:tty[0m[2m:[0m[33m31[0m[2m:[33m42[0m[2m)[0m
[0m      [2mat [0m[0m[1m[3msetupInput[0m[2m ([0m[0m[36m/Users/brolylee/2026web/brocode/node_modules/.bun/@opentui+core@0.4.2+64015adf11caec84/node_modules/@opentui/core/index-6xr3rbbe.js[0m[2m:[0m[33m8867[0m[2m:[33m18[0m[2m)[0m
[0m      [2mat [0mnew CliRenderer[2m ([0m[0m[36m/Users/brolylee/2026web/brocode/node_modules/.bun/@opentui+core@0.4.2+64015adf11caec84/node_modules/@opentui/core/index-6xr3rbbe.js[0m[2m:[0m[33m7320[0m[2m:[33m12[0m[2m)[0m
[0m      [2mat [0m[0m[1m[3mcreateCliRenderer[0m[2m ([0m[0m[36m/Users/brolylee/2026web/brocode/node_modules/.bun/@opentui+core@0.4.2+64015adf11caec84/node_modules/@opentui/core/index-6xr3rbbe.js[0m[2m:[0m[33m6879[0m[2m:[33m20[0m[2m)[0m
[0m      [2mat [0m[0m[36m[2m/Users/brolylee/2026web/brocode/apps/cli/[0m[36msrc/index.tsx[0m[2m:[0m[33m16[0m[2m:[33m24[0m
[2J[3J[H[0m[1m8862 |[0m     })[0m[2m;[0m
[0m[1m8863 |[0m     [0m[33mthis[0m[0m[3m[1m.addInputHandler[0m([0m[33mthis[0m.capabilityHandler)[0m[2m;[0m
[0m[1m8864 |[0m     [0m[33mthis[0m[0m[3m[1m.addInputHandler[0m([0m[33mthis[0m.focusHandler)[0m[2m;[0m
[0m[1m8865 |[0m     [0m[33mthis[0m[0m[3m[1m.addInputHandler[0m([0m[33mthis[0m.themeModeHandler)[0m[2m;[0m
[0m[1m8866 |[0m     [0m[35mif[0m ([0m[33mthis[0m.stdin.setRawMode) {
[0m[1m8867 |[0m       [0m[33mthis[0m.stdin[0m[3m[1m.setRawMode[0m([0m[33mtrue[0m)[0m[2m;[0m
                        [31m[1m^[0m
[0m[31merror[0m[2m:[0m [1msetRawMode failed with errno: 5[0m
[0m      [2mat [0m[0m[2m<anonymous>[0m[2m ([0m[0m[36mnode:tty[0m[2m:[0m[33m31[0m[2m:[33m42[0m[2m)[0m
[0m      [2mat [0m[0m[1m[3msetupInput[0m[2m ([0m[0m[36m/Users/brolylee/2026web/brocode/node_modules/.bun/@opentui+core@0.4.2+64015adf11caec84/node_modules/@opentui/core/index-6xr3rbbe.js[0m[2m:[0m[33m8867[0m[2m:[33m18[0m[2m)[0m
[0m      [2mat [0mnew CliRenderer[2m ([0m[0m[36m/Users/brolylee/2026web/brocode/node_modules/.bun/@opentui+core@0.4.2+64015adf11caec84/node_modules/@opentui/core/index-6xr3rbbe.js[0m[2m:[0m[33m7320[0m[2m:[33m12[0m[2m)[0m
[0m      [2mat [0m[0m[1m[3mcreateCliRenderer[0m[2m ([0m[0m[36m/Users/brolylee/2026web/brocode/node_modules/.bun/@opentui+core@0.4.2+64015adf11caec84/node_modules/@opentui/core/index-6xr3rbbe.js[0m[2m:[0m[33m6879[0m[2m:[33m20[0m[2m)[0m
[0m      [2mat [0m[0m[36m[2m/Users/brolylee/2026web/brocode/apps/cli/[0m[36msrc/index.tsx[0m[2m:[0m[33m16[0m[2m:[33m24[0m
[2J[3J[H[0m[1m8862 |[0m     })[0m[2m;[0m
[0m[1m8863 |[0m     [0m[33mthis[0m[0m[3m[1m.addInputHandler[0m([0m[33mthis[0m.capabilityHandler)[0m[2m;[0m
[0m[1m8864 |[0m     [0m[33mthis[0m[0m[3m[1m.addInputHandler[0m([0m[33mthis[0m.focusHandler)[0m[2m;[0m
[0m[1m8865 |[0m     [0m[33mthis[0m[0m[3m[1m.addInputHandler[0m([0m[33mthis[0m.themeModeHandler)[0m[2m;[0m
[0m[1m8866 |[0m     [0m[35mif[0m ([0m[33mthis[0m.stdin.setRawMode) {
[0m[1m8867 |[0m       [0m[33mthis[0m.stdin[0m[3m[1m.setRawMode[0m([0m[33mtrue[0m)[0m[2m;[0m
                        [31m[1m^[0m
[0m[31merror[0m[2m:[0m [1msetRawMode failed with errno: 5[0m
[0m      [2mat [0m[0m[2m<anonymous>[0m[2m ([0m[0m[36mnode:tty[0m[2m:[0m[33m31[0m[2m:[33m42[0m[2m)[0m
[0m      [2mat [0m[0m[1m[3msetupInput[0m[2m ([0m[0m[36m/Users/brolylee/2026web/brocode/node_modules/.bun/@opentui+core@0.4.2+64015adf11caec84/node_modules/@opentui/core/index-6xr3rbbe.js[0m[2m:[0m[33m8867[0m[2m:[33m18[0m[2m)[0m
[0m      [2mat [0mnew CliRenderer[2m ([0m[0m[36m/Users/brolylee/2026web/brocode/node_modules/.bun/@opentui+core@0.4.2+64015adf11caec84/node_modules/@opentui/core/index-6xr3rbbe.js[0m[2m:[0m[33m7320[0m[2m:[33m12[0m[2m)[0m
[0m      [2mat [0m[0m[1m[3mcreateCliRenderer[0m[2m ([0m[0m[36m/Users/brolylee/2026web/brocode/node_modules/.bun/@opentui+core@0.4.2+64015adf11caec84/node_modules/@opentui/core/index-6xr3rbbe.js[0m[2m:[0m[33m6879[0m[2m:[33m20[0m[2m)[0m
[0m      [2mat [0m[0m[36m[2m/Users/brolylee/2026web/brocode/apps/cli/[0m[36msrc/index.tsx[0m[2m:[0m[33m16[0m[2m:[33m24[0m
[2J[3J[H[0m[1m8862 |[0m     })[0m[2m;[0m
[0m[1m8863 |[0m     [0m[33mthis[0m[0m[3m[1m.addInputHandler[0m([0m[33mthis[0m.capabilityHandler)[0m[2m;[0m
[0m[1m8864 |[0m     [0m[33mthis[0m[0m[3m[1m.addInputHandler[0m([0m[33mthis[0m.focusHandler)[0m[2m;[0m
[0m[1m8865 |[0m     [0m[33mthis[0m[0m[3m[1m.addInputHandler[0m([0m[33mthis[0m.themeModeHandler)[0m[2m;[0m
[0m[1m8866 |[0m     [0m[35mif[0m ([0m[33mthis[0m.stdin.setRawMode) {
[0m[1m8867 |[0m       [0m[33mthis[0m.stdin[0m[3m[1m.setRawMode[0m([0m[33mtrue[0m)[0m[2m;[0m
                        [31m[1m^[0m
[0m[31merror[0m[2m:[0m [1msetRawMode failed with errno: 5[0m
[0m      [2mat [0m[0m[2m<anonymous>[0m[2m ([0m[0m[36mnode:tty[0m[2m:[0m[33m31[0m[2m:[33m42[0m[2m)[0m
[0m      [2mat [0m[0m[1m[3msetupInput[0m[2m ([0m[0m[36m/Users/brolylee/2026web/brocode/node_modules/.bun/@opentui+core@0.4.2+64015adf11caec84/node_modules/@opentui/core/index-6xr3rbbe.js[0m[2m:[0m[33m8867[0m[2m:[33m18[0m[2m)[0m
[0m      [2mat [0mnew CliRenderer[2m ([0m[0m[36m/Users/brolylee/2026web/brocode/node_modules/.bun/@opentui+core@0.4.2+64015adf11caec84/node_modules/@opentui/core/index-6xr3rbbe.js[0m[2m:[0m[33m7320[0m[2m:[33m12[0m[2m)[0m
[0m      [2mat [0m[0m[1m[3mcreateCliRenderer[0m[2m ([0m[0m[36m/Users/brolylee/2026web/brocode/node_modules/.bun/@opentui+core@0.4.2+64015adf11caec84/node_modules/@opentui/core/index-6xr3rbbe.js[0m[2m:[0m[33m6879[0m[2m:[33m20[0m[2m)[0m
[0m      [2mat [0m[0m[36m[2m/Users/brolylee/2026web/brocode/apps/cli/[0m[36msrc/index.tsx[0m[2m:[0m[33m16[0m[2m:[33m24[0m
[2J[3J[H[0m[1m8862 |[0m     })[0m[2m;[0m
[0m[1m8863 |[0m     [0m[33mthis[0m[0m[3m[1m.addInputHandler[0m([0m[33mthis[0m.capabilityHandler)[0m[2m;[0m
[0m[1m8864 |[0m     [0m[33mthis[0m[0m[3m[1m.addInputHandler[0m([0m[33mthis[0m.focusHandler)[0m[2m;[0m
[0m[1m8865 |[0m     [0m[33mthis[0m[0m[3m[1m.addInputHandler[0m([0m[33mthis[0m.themeModeHandler)[0m[2m;[0m
[0m[1m8866 |[0m     [0m[35mif[0m ([0m[33mthis[0m.stdin.setRawMode) {
[0m[1m8867 |[0m       [0m[33mthis[0m.stdin[0m[3m[1m.setRawMode[0m([0m[33mtrue[0m)[0m[2m;[0m
                        [31m[1m^[0m
[0m[31merror[0m[2m:[0m [1msetRawMode failed with errno: 5[0m
[0m      [2mat [0m[0m[2m<anonymous>[0m[2m ([0m[0m[36mnode:tty[0m[2m:[0m[33m31[0m[2m:[33m42[0m[2m)[0m
[0m      [2mat [0m[0m[1m[3msetupInput[0m[2m ([0m[0m[36m/Users/brolylee/2026web/brocode/node_modules/.bun/@opentui+core@0.4.2+64015adf11caec84/node_modules/@opentui/core/index-6xr3rbbe.js[0m[2m:[0m[33m8867[0m[2m:[33m18[0m[2m)[0m
[0m      [2mat [0mnew CliRenderer[2m ([0m[0m[36m/Users/brolylee/2026web/brocode/node_modules/.bun/@opentui+core@0.4.2+64015adf11caec84/node_modules/@opentui/core/index-6xr3rbbe.js[0m[2m:[0m[33m7320[0m[2m:[33m12[0m[2m)[0m
[0m      [2mat [0m[0m[1m[3mcreateCliRenderer[0m[2m ([0m[0m[36m/Users/brolylee/2026web/brocode/node_modules/.bun/@opentui+core@0.4.2+64015adf11caec84/node_modules/@opentui/core/index-6xr3rbbe.js[0m[2m:[0m[33m6879[0m[2m:[33m20[0m[2m)[0m
[0m      [2mat [0m[0m[36m[2m/Users/brolylee/2026web/brocode/apps/cli/[0m[36msrc/index.tsx[0m[2m:[0m[33m16[0m[2m:[33m24[0m
[2J[3J[H[0m[1m8862 |[0m     })[0m[2m;[0m
[0m[1m8863 |[0m     [0m[33mthis[0m[0m[3m[1m.addInputHandler[0m([0m[33mthis[0m.capabilityHandler)[0m[2m;[0m
[0m[1m8864 |[0m     [0m[33mthis[0m[0m[3m[1m.addInputHandler[0m([0m[33mthis[0m.focusHandler)[0m[2m;[0m
[0m[1m8865 |[0m     [0m[33mthis[0m[0m[3m[1m.addInputHandler[0m([0m[33mthis[0m.themeModeHandler)[0m[2m;[0m
[0m[1m8866 |[0m     [0m[35mif[0m ([0m[33mthis[0m.stdin.setRawMode) {
[0m[1m8867 |[0m       [0m[33mthis[0m.stdin[0m[3m[1m.setRawMode[0m([0m[33mtrue[0m)[0m[2m;[0m
                        [31m[1m^[0m
[0m[31merror[0m[2m:[0m [1msetRawMode failed with errno: 5[0m
[0m      [2mat [0m[0m[2m<anonymous>[0m[2m ([0m[0m[36mnode:tty[0m[2m:[0m[33m31[0m[2m:[33m42[0m[2m)[0m
[0m      [2mat [0m[0m[1m[3msetupInput[0m[2m ([0m[0m[36m/Users/brolylee/2026web/brocode/node_modules/.bun/@opentui+core@0.4.2+64015adf11caec84/node_modules/@opentui/core/index-6xr3rbbe.js[0m[2m:[0m[33m8867[0m[2m:[33m18[0m[2m)[0m
[0m      [2mat [0mnew CliRenderer[2m ([0m[0m[36m/Users/brolylee/2026web/brocode/node_modules/.bun/@opentui+core@0.4.2+64015adf11caec84/node_modules/@opentui/core/index-6xr3rbbe.js[0m[2m:[0m[33m7320[0m[2m:[33m12[0m[2m)[0m
[0m      [2mat [0m[0m[1m[3mcreateCliRenderer[0m[2m ([0m[0m[36m/Users/brolylee/2026web/brocode/node_modules/.bun/@opentui+core@0.4.2+64015adf11caec84/node_modules/@opentui/core/index-6xr3rbbe.js[0m[2m:[0m[33m6879[0m[2m:[33m20[0m[2m)[0m
[0m      [2mat [0m[0m[36m[2m/Users/brolylee/2026web/brocode/apps/cli/[0m[36msrc/index.tsx[0m[2m:[0m[33m16[0m[2m:[33m24[0m
[2J[3J[H[0m[1m8862 |[0m     })[0m[2m;[0m
[0m[1m8863 |[0m     [0m[33mthis[0m[0m[3m[1m.addInputHandler[0m([0m[33mthis[0m.capabilityHandler)[0m[2m;[0m
[0m[1m8864 |[0m     [0m[33mthis[0m[0m[3m[1m.addInputHandler[0m([0m[33mthis[0m.focusHandler)[0m[2m;[0m
[0m[1m8865 |[0m     [0m[33mthis[0m[0m[3m[1m.addInputHandler[0m([0m[33mthis[0m.themeModeHandler)[0m[2m;[0m
[0m[1m8866 |[0m     [0m[35mif[0m ([0m[33mthis[0m.stdin.setRawMode) {
[0m[1m8867 |[0m       [0m[33mthis[0m.stdin[0m[3m[1m.setRawMode[0m([0m[33mtrue[0m)[0m[2m;[0m
                        [31m[1m^[0m
[0m[31merror[0m[2m:[0m [1msetRawMode failed with errno: 5[0m
[0m      [2mat [0m[0m[2m<anonymous>[0m[2m ([0m[0m[36mnode:tty[0m[2m:[0m[33m31[0m[2m:[33m42[0m[2m)[0m
[0m      [2mat [0m[0m[1m[3msetupInput[0m[2m ([0m[0m[36m/Users/brolylee/2026web/brocode/node_modules/.bun/@opentui+core@0.4.2+64015adf11caec84/node_modules/@opentui/core/index-6xr3rbbe.js[0m[2m:[0m[33m8867[0m[2m:[33m18[0m[2m)[0m
[0m      [2mat [0mnew CliRenderer[2m ([0m[0m[36m/Users/brolylee/2026web/brocode/node_modules/.bun/@opentui+core@0.4.2+64015adf11caec84/node_modules/@opentui/core/index-6xr3rbbe.js[0m[2m:[0m[33m7320[0m[2m:[33m12[0m[2m)[0m
[0m      [2mat [0m[0m[1m[3mcreateCliRenderer[0m[2m ([0m[0m[36m/Users/brolylee/2026web/brocode/node_modules/.bun/@opentui+core@0.4.2+64015adf11caec84/node_modules/@opentui/core/index-6xr3rbbe.js[0m[2m:[0m[33m6879[0m[2m:[33m20[0m[2m)[0m
[0m      [2mat [0m[0m[36m[2m/Users/brolylee/2026web/brocode/apps/cli/[0m[36msrc/index.tsx[0m[2m:[0m[33m16[0m[2m:[33m24[0m
[2J[3J[H[2J[3J[H[2J[3J[H[0m[1m8862 |[0m     })[0m[2m;[0m
[0m[1m8863 |[0m     [0m[33mthis[0m[0m[3m[1m.addInputHandler[0m([0m[33mthis[0m.capabilityHandler)[0m[2m;[0m
[0m[1m8864 |[0m     [0m[33mthis[0m[0m[3m[1m.addInputHandler[0m([0m[33mthis[0m.focusHandler)[0m[2m;[0m
[0m[1m8865 |[0m     [0m[33mthis[0m[0m[3m[1m.addInputHandler[0m([0m[33mthis[0m.themeModeHandler)[0m[2m;[0m
[0m[1m8866 |[0m     [0m[35mif[0m ([0m[33mthis[0m.stdin.setRawMode) {
[0m[1m8867 |[0m       [0m[33mthis[0m.stdin[0m[3m[1m.setRawMode[0m([0m[33mtrue[0m)[0m[2m;[0m
                        [31m[1m^[0m
[0m[31merror[0m[2m:[0m [1msetRawMode failed with errno: 5[0m
[0m      [2mat [0m[0m[2m<anonymous>[0m[2m ([0m[0m[36mnode:tty[0m[2m:[0m[33m31[0m[2m:[33m42[0m[2m)[0m
[0m      [2mat [0m[0m[1m[3msetupInput[0m[2m ([0m[0m[36m/Users/brolylee/2026web/brocode/node_modules/.bun/@opentui+core@0.4.2+64015adf11caec84/node_modules/@opentui/core/index-6xr3rbbe.js[0m[2m:[0m[33m8867[0m[2m:[33m18[0m[2m)[0m
[0m      [2mat [0mnew CliRenderer[2m ([0m[0m[36m/Users/brolylee/2026web/brocode/node_modules/.bun/@opentui+core@0.4.2+64015adf11caec84/node_modules/@opentui/core/index-6xr3rbbe.js[0m[2m:[0m[33m7320[0m[2m:[33m12[0m[2m)[0m
[0m      [2mat [0m[0m[1m[3mcreateCliRenderer[0m[2m ([0m[0m[36m/Users/brolylee/2026web/brocode/node_modules/.bun/@opentui+core@0.4.2+64015adf11caec84/node_modules/@opentui/core/index-6xr3rbbe.js[0m[2m:[0m[33m6879[0m[2m:[33m20[0m[2m)[0m
[0m      [2mat [0m[0m[36m[2m/Users/brolylee/2026web/brocode/apps/cli/[0m[36msrc/index.tsx[0m[2m:[0m[33m16[0m[2m:[33m24[0m
[2J[3J[H[0m[1m8862 |[0m     })[0m[2m;[0m
[0m[1m8863 |[0m     [0m[33mthis[0m[0m[3m[1m.addInputHandler[0m([0m[33mthis[0m.capabilityHandler)[0m[2m;[0m
[0m[1m8864 |[0m     [0m[33mthis[0m[0m[3m[1m.addInputHandler[0m([0m[33mthis[0m.focusHandler)[0m[2m;[0m
[0m[1m8865 |[0m     [0m[33mthis[0m[0m[3m[1m.addInputHandler[0m([0m[33mthis[0m.themeModeHandler)[0m[2m;[0m
[0m[1m8866 |[0m     [0m[35mif[0m ([0m[33mthis[0m.stdin.setRawMode) {
[0m[1m8867 |[0m       [0m[33mthis[0m.stdin[0m[3m[1m.setRawMode[0m([0m[33mtrue[0m)[0m[2m;[0m
                        [31m[1m^[0m
[0m[31merror[0m[2m:[0m [1msetRawMode failed with errno: 5[0m
[0m      [2mat [0m[0m[36mnode:tty[0m[2m:[0m[33m31[0m[2m:[33m42[0m
[0m      [2mat [0msetupInput[2m ([0m[0m[36m/Users/brolylee/2026web/brocode/node_modules/.bun/@opentui+core@0.4.2+64015adf11caec84/node_modules/@opentui/core/index-6xr3rbbe.js[0m[2m:[0m[33m8867[0m[2m:[33m18[0m[2m)[0m
[0m      [2mat [0mCliRenderer[2m ([0m[0m[36m/Users/brolylee/2026web/brocode/node_modules/.bun/@opentui+core@0.4.2+64015adf11caec84/node_modules/@opentui/core/index-6xr3rbbe.js[0m[2m:[0m[33m8003[0m[2m:[33m9[0m[2m)[0m
[0m      [2mat [0mcreateCliRenderer[2m ([0m[0m[36m/Users/brolylee/2026web/brocode/node_modules/.bun/@opentui+core@0.4.2+64015adf11caec84/node_modules/@opentui/core/index-6xr3rbbe.js[0m[2m:[0m[33m7495[0m[2m:[33m21[0m[2m)[0m
[2J[3J[H[0m[1m8862 |[0m     })[0m[2m;[0m
[0m[1m8863 |[0m     [0m[33mthis[0m[0m[3m[1m.addInputHandler[0m([0m[33mthis[0m.capabilityHandler)[0m[2m;[0m
[0m[1m8864 |[0m     [0m[33mthis[0m[0m[3m[1m.addInputHandler[0m([0m[33mthis[0m.focusHandler)[0m[2m;[0m
[0m[1m8865 |[0m     [0m[33mthis[0m[0m[3m[1m.addInputHandler[0m([0m[33mthis[0m.themeModeHandler)[0m[2m;[0m
[0m[1m8866 |[0m     [0m[35mif[0m ([0m[33mthis[0m.stdin.setRawMode) {
[0m[1m8867 |[0m       [0m[33mthis[0m.stdin[0m[3m[1m.setRawMode[0m([0m[33mtrue[0m)[0m[2m;[0m
                        [31m[1m^[0m
[0m[31merror[0m[2m:[0m [1msetRawMode failed with errno: 5[0m
[0m      [2mat [0m[0m[2m<anonymous>[0m[2m ([0m[0m[36mnode:tty[0m[2m:[0m[33m31[0m[2m:[33m42[0m[2m)[0m
[0m      [2mat [0m[0m[1m[3msetupInput[0m[2m ([0m[0m[36m/Users/brolylee/2026web/brocode/node_modules/.bun/@opentui+core@0.4.2+64015adf11caec84/node_modules/@opentui/core/index-6xr3rbbe.js[0m[2m:[0m[33m8867[0m[2m:[33m18[0m[2m)[0m
[0m      [2mat [0mnew CliRenderer[2m ([0m[0m[36m/Users/brolylee/2026web/brocode/node_modules/.bun/@opentui+core@0.4.2+64015adf11caec84/node_modules/@opentui/core/index-6xr3rbbe.js[0m[2m:[0m[33m7320[0m[2m:[33m12[0m[2m)[0m
[0m      [2mat [0m[0m[1m[3mcreateCliRenderer[0m[2m ([0m[0m[36m/Users/brolylee/2026web/brocode/node_modules/.bun/@opentui+core@0.4.2+64015adf11caec84/node_modules/@opentui/core/index-6xr3rbbe.js[0m[2m:[0m[33m6879[0m[2m:[33m20[0m[2m)[0m
[0m      [2mat [0m[0m[36m[2m/Users/brolylee/2026web/brocode/apps/cli/[0m[36msrc/index.tsx[0m[2m:[0m[33m16[0m[2m:[33m24[0m
[2J[3J[H[0m[1m8862 |[0m     })[0m[2m;[0m
[0m[1m8863 |[0m     [0m[33mthis[0m[0m[3m[1m.addInputHandler[0m([0m[33mthis[0m.capabilityHandler)[0m[2m;[0m
[0m[1m8864 |[0m     [0m[33mthis[0m[0m[3m[1m.addInputHandler[0m([0m[33mthis[0m.focusHandler)[0m[2m;[0m
[0m[1m8865 |[0m     [0m[33mthis[0m[0m[3m[1m.addInputHandler[0m([0m[33mthis[0m.themeModeHandler)[0m[2m;[0m
[0m[1m8866 |[0m     [0m[35mif[0m ([0m[33mthis[0m.stdin.setRawMode) {
[0m[1m8867 |[0m       [0m[33mthis[0m.stdin[0m[3m[1m.setRawMode[0m([0m[33mtrue[0m)[0m[2m;[0m
                        [31m[1m^[0m
[0m[31merror[0m[2m:[0m [1msetRawMode failed with errno: 5[0m
[0m      [2mat [0m[0m[2m<anonymous>[0m[2m ([0m[0m[36mnode:tty[0m[2m:[0m[33m31[0m[2m:[33m42[0m[2m)[0m
[0m      [2mat [0m[0m[1m[3msetupInput[0m[2m ([0m[0m[36m/Users/brolylee/2026web/brocode/node_modules/.bun/@opentui+core@0.4.2+64015adf11caec84/node_modules/@opentui/core/index-6xr3rbbe.js[0m[2m:[0m[33m8867[0m[2m:[33m18[0m[2m)[0m
[0m      [2mat [0mnew CliRenderer[2m ([0m[0m[36m/Users/brolylee/2026web/brocode/node_modules/.bun/@opentui+core@0.4.2+64015adf11caec84/node_modules/@opentui/core/index-6xr3rbbe.js[0m[2m:[0m[33m7320[0m[2m:[33m12[0m[2m)[0m
[0m      [2mat [0m[0m[1m[3mcreateCliRenderer[0m[2m ([0m[0m[36m/Users/brolylee/2026web/brocode/node_modules/.bun/@opentui+core@0.4.2+64015adf11caec84/node_modules/@opentui/core/index-6xr3rbbe.js[0m[2m:[0m[33m6879[0m[2m:[33m20[0m[2m)[0m
[0m      [2mat [0m[0m[36m[2m/Users/brolylee/2026web/brocode/apps/cli/[0m[36msrc/index.tsx[0m[2m:[0m[33m16[0m[2m:[33m24[0m
[2J[3J[H[0m[1m8862 |[0m     })[0m[2m;[0m
[0m[1m8863 |[0m     [0m[33mthis[0m[0m[3m[1m.addInputHandler[0m([0m[33mthis[0m.capabilityHandler)[0m[2m;[0m
[0m[1m8864 |[0m     [0m[33mthis[0m[0m[3m[1m.addInputHandler[0m([0m[33mthis[0m.focusHandler)[0m[2m;[0m
[0m[1m8865 |[0m     [0m[33mthis[0m[0m[3m[1m.addInputHandler[0m([0m[33mthis[0m.themeModeHandler)[0m[2m;[0m
[0m[1m8866 |[0m     [0m[35mif[0m ([0m[33mthis[0m.stdin.setRawMode) {
[0m[1m8867 |[0m       [0m[33mthis[0m.stdin[0m[3m[1m.setRawMode[0m([0m[33mtrue[0m)[0m[2m;[0m
                        [31m[1m^[0m
[0m[31merror[0m[2m:[0m [1msetRawMode failed with errno: 5[0m
[0m      [2mat [0m[0m[2m<anonymous>[0m[2m ([0m[0m[36mnode:tty[0m[2m:[0m[33m31[0m[2m:[33m42[0m[2m)[0m
[0m      [2mat [0m[0m[1m[3msetupInput[0m[2m ([0m[0m[36m/Users/brolylee/2026web/brocode/node_modules/.bun/@opentui+core@0.4.2+64015adf11caec84/node_modules/@opentui/core/index-6xr3rbbe.js[0m[2m:[0m[33m8867[0m[2m:[33m18[0m[2m)[0m
[0m      [2mat [0mnew CliRenderer[2m ([0m[0m[36m/Users/brolylee/2026web/brocode/node_modules/.bun/@opentui+core@0.4.2+64015adf11caec84/node_modules/@opentui/core/index-6xr3rbbe.js[0m[2m:[0m[33m7320[0m[2m:[33m12[0m[2m)[0m
[0m      [2mat [0m[0m[1m[3mcreateCliRenderer[0m[2m ([0m[0m[36m/Users/brolylee/2026web/brocode/node_modules/.bun/@opentui+core@0.4.2+64015adf11caec84/node_modules/@opentui/core/index-6xr3rbbe.js[0m[2m:[0m[33m6879[0m[2m:[33m20[0m[2m)[0m
[0m      [2mat [0m[0m[36m[2m/Users/brolylee/2026web/brocode/apps/cli/[0m[36msrc/index.tsx[0m[2m:[0m[33m16[0m[2m:[33m24[0m
[2J[3J[H[0m[1m8862 |[0m     })[0m[2m;[0m
[0m[1m8863 |[0m     [0m[33mthis[0m[0m[3m[1m.addInputHandler[0m([0m[33mthis[0m.capabilityHandler)[0m[2m;[0m
[0m[1m8864 |[0m     [0m[33mthis[0m[0m[3m[1m.addInputHandler[0m([0m[33mthis[0m.focusHandler)[0m[2m;[0m
[0m[1m8865 |[0m     [0m[33mthis[0m[0m[3m[1m.addInputHandler[0m([0m[33mthis[0m.themeModeHandler)[0m[2m;[0m
[0m[1m8866 |[0m     [0m[35mif[0m ([0m[33mthis[0m.stdin.setRawMode) {
[0m[1m8867 |[0m       [0m[33mthis[0m.stdin[0m[3m[1m.setRawMode[0m([0m[33mtrue[0m)[0m[2m;[0m
                        [31m[1m^[0m
[0m[31merror[0m[2m:[0m [1msetRawMode failed with errno: 5[0m
[0m      [2mat [0m[0m[2m<anonymous>[0m[2m ([0m[0m[36mnode:tty[0m[2m:[0m[33m31[0m[2m:[33m42[0m[2m)[0m
[0m      [2mat [0m[0m[1m[3msetupInput[0m[2m ([0m[0m[36m/Users/brolylee/2026web/brocode/node_modules/.bun/@opentui+core@0.4.2+64015adf11caec84/node_modules/@opentui/core/index-6xr3rbbe.js[0m[2m:[0m[33m8867[0m[2m:[33m18[0m[2m)[0m
[0m      [2mat [0mnew CliRenderer[2m ([0m[0m[36m/Users/brolylee/2026web/brocode/node_modules/.bun/@opentui+core@0.4.2+64015adf11caec84/node_modules/@opentui/core/index-6xr3rbbe.js[0m[2m:[0m[33m7320[0m[2m:[33m12[0m[2m)[0m
[0m      [2mat [0m[0m[1m[3mcreateCliRenderer[0m[2m ([0m[0m[36m/Users/brolylee/2026web/brocode/node_modules/.bun/@opentui+core@0.4.2+64015adf11caec84/node_modules/@opentui/core/index-6xr3rbbe.js[0m[2m:[0m[33m6879[0m[2m:[33m20[0m[2m)[0m
[0m      [2mat [0m[0m[36m[2m/Users/brolylee/2026web/brocode/apps/cli/[0m[36msrc/index.tsx[0m[2m:[0m[33m16[0m[2m:[33m24[0m
[2J[3J[H[0m[1m8862 |[0m     })[0m[2m;[0m
[0m[1m8863 |[0m     [0m[33mthis[0m[0m[3m[1m.addInputHandler[0m([0m[33mthis[0m.capabilityHandler)[0m[2m;[0m
[0m[1m8864 |[0m     [0m[33mthis[0m[0m[3m[1m.addInputHandler[0m([0m[33mthis[0m.focusHandler)[0m[2m;[0m
[0m[1m8865 |[0m     [0m[33mthis[0m[0m[3m[1m.addInputHandler[0m([0m[33mthis[0m.themeModeHandler)[0m[2m;[0m
[0m[1m8866 |[0m     [0m[35mif[0m ([0m[33mthis[0m.stdin.setRawMode) {
[0m[1m8867 |[0m       [0m[33mthis[0m.stdin[0m[3m[1m.setRawMode[0m([0m[33mtrue[0m)[0m[2m;[0m
                        [31m[1m^[0m
[0m[31merror[0m[2m:[0m [1msetRawMode failed with errno: 5[0m
[0m      [2mat [0m[0m[2m<anonymous>[0m[2m ([0m[0m[36mnode:tty[0m[2m:[0m[33m31[0m[2m:[33m42[0m[2m)[0m
[0m      [2mat [0m[0m[1m[3msetupInput[0m[2m ([0m[0m[36m/Users/brolylee/2026web/brocode/node_modules/.bun/@opentui+core@0.4.2+64015adf11caec84/node_modules/@opentui/core/index-6xr3rbbe.js[0m[2m:[0m[33m8867[0m[2m:[33m18[0m[2m)[0m
[0m      [2mat [0mnew CliRenderer[2m ([0m[0m[36m/Users/brolylee/2026web/brocode/node_modules/.bun/@opentui+core@0.4.2+64015adf11caec84/node_modules/@opentui/core/index-6xr3rbbe.js[0m[2m:[0m[33m7320[0m[2m:[33m12[0m[2m)[0m
[0m      [2mat [0m[0m[1m[3mcreateCliRenderer[0m[2m ([0m[0m[36m/Users/brolylee/2026web/brocode/node_modules/.bun/@opentui+core@0.4.2+64015adf11caec84/node_modules/@opentui/core/index-6xr3rbbe.js[0m[2m:[0m[33m6879[0m[2m:[33m20[0m[2m)[0m
[0m      [2mat [0m[0m[36m[2m/Users/brolylee/2026web/brocode/apps/cli/[0m[36msrc/index.tsx[0m[2m:[0m[33m16[0m[2m:[33m24[0m
[2J[3J[H[0m[1m8862 |[0m     })[0m[2m;[0m
[0m[1m8863 |[0m     [0m[33mthis[0m[0m[3m[1m.addInputHandler[0m([0m[33mthis[0m.capabilityHandler)[0m[2m;[0m
[0m[1m8864 |[0m     [0m[33mthis[0m[0m[3m[1m.addInputHandler[0m([0m[33mthis[0m.focusHandler)[0m[2m;[0m
[0m[1m8865 |[0m     [0m[33mthis[0m[0m[3m[1m.addInputHandler[0m([0m[33mthis[0m.themeModeHandler)[0m[2m;[0m
[0m[1m8866 |[0m     [0m[35mif[0m ([0m[33mthis[0m.stdin.setRawMode) {
[0m[1m8867 |[0m       [0m[33mthis[0m.stdin[0m[3m[1m.setRawMode[0m([0m[33mtrue[0m)[0m[2m;[0m
                        [31m[1m^[0m
[0m[31merror[0m[2m:[0m [1msetRawMode failed with errno: 5[0m
[0m      [2mat [0m[0m[2m<anonymous>[0m[2m ([0m[0m[36mnode:tty[0m[2m:[0m[33m31[0m[2m:[33m42[0m[2m)[0m
[0m      [2mat [0m[0m[1m[3msetupInput[0m[2m ([0m[0m[36m/Users/brolylee/2026web/brocode/node_modules/.bun/@opentui+core@0.4.2+64015adf11caec84/node_modules/@opentui/core/index-6xr3rbbe.js[0m[2m:[0m[33m8867[0m[2m:[33m18[0m[2m)[0m
[0m      [2mat [0mnew CliRenderer[2m ([0m[0m[36m/Users/brolylee/2026web/brocode/node_modules/.bun/@opentui+core@0.4.2+64015adf11caec84/node_modules/@opentui/core/index-6xr3rbbe.js[0m[2m:[0m[33m7320[0m[2m:[33m12[0m[2m)[0m
[0m      [2mat [0m[0m[1m[3mcreateCliRenderer[0m[2m ([0m[0m[36m/Users/brolylee/2026web/brocode/node_modules/.bun/@opentui+core@0.4.2+64015adf11caec84/node_modules/@opentui/core/index-6xr3rbbe.js[0m[2m:[0m[33m6879[0m[2m:[33m20[0m[2m)[0m
[0m      [2mat [0m[0m[36m[2m/Users/brolylee/2026web/brocode/apps/cli/[0m[36msrc/index.tsx[0m[2m:[0m[33m16[0m[2m:[33m24[0m
[2J[3J[H[0m[1m8862 |[0m     })[0m[2m;[0m
[0m[1m8863 |[0m     [0m[33mthis[0m[0m[3m[1m.addInputHandler[0m([0m[33mthis[0m.capabilityHandler)[0m[2m;[0m
[0m[1m8864 |[0m     [0m[33mthis[0m[0m[3m[1m.addInputHandler[0m([0m[33mthis[0m.focusHandler)[0m[2m;[0m
[0m[1m8865 |[0m     [0m[33mthis[0m[0m[3m[1m.addInputHandler[0m([0m[33mthis[0m.themeModeHandler)[0m[2m;[0m
[0m[1m8866 |[0m     [0m[35mif[0m ([0m[33mthis[0m.stdin.setRawMode) {
[0m[1m8867 |[0m       [0m[33mthis[0m.stdin[0m[3m[1m.setRawMode[0m([0m[33mtrue[0m)[0m[2m;[0m
                        [31m[1m^[0m
[0m[31merror[0m[2m:[0m [1msetRawMode failed with errno: 5[0m
[0m      [2mat [0m[0m[2m<anonymous>[0m[2m ([0m[0m[36mnode:tty[0m[2m:[0m[33m31[0m[2m:[33m42[0m[2m)[0m
[0m      [2mat [0m[0m[1m[3msetupInput[0m[2m ([0m[0m[36m/Users/brolylee/2026web/brocode/node_modules/.bun/@opentui+core@0.4.2+64015adf11caec84/node_modules/@opentui/core/index-6xr3rbbe.js[0m[2m:[0m[33m8867[0m[2m:[33m18[0m[2m)[0m
[0m      [2mat [0mnew CliRenderer[2m ([0m[0m[36m/Users/brolylee/2026web/brocode/node_modules/.bun/@opentui+core@0.4.2+64015adf11caec84/node_modules/@opentui/core/index-6xr3rbbe.js[0m[2m:[0m[33m7320[0m[2m:[33m12[0m[2m)[0m
[0m      [2mat [0m[0m[1m[3mcreateCliRenderer[0m[2m ([0m[0m[36m/Users/brolylee/2026web/brocode/node_modules/.bun/@opentui+core@0.4.2+64015adf11caec84/node_modules/@opentui/core/index-6xr3rbbe.js[0m[2m:[0m[33m6879[0m[2m:[33m20[0m[2m)[0m
[0m      [2mat [0m[0m[36m[2m/Users/brolylee/2026web/brocode/apps/cli/[0m[36msrc/index.tsx[0m[2m:[0m[33m16[0m[2m:[33m24[0m
[2J[3J[H[0m[1m8862 |[0m     })[0m[2m;[0m
[0m[1m8863 |[0m     [0m[33mthis[0m[0m[3m[1m.addInputHandler[0m([0m[33mthis[0m.capabilityHandler)[0m[2m;[0m
[0m[1m8864 |[0m     [0m[33mthis[0m[0m[3m[1m.addInputHandler[0m([0m[33mthis[0m.focusHandler)[0m[2m;[0m
[0m[1m8865 |[0m     [0m[33mthis[0m[0m[3m[1m.addInputHandler[0m([0m[33mthis[0m.themeModeHandler)[0m[2m;[0m
[0m[1m8866 |[0m     [0m[35mif[0m ([0m[33mthis[0m.stdin.setRawMode) {
[0m[1m8867 |[0m       [0m[33mthis[0m.stdin[0m[3m[1m.setRawMode[0m([0m[33mtrue[0m)[0m[2m;[0m
                        [31m[1m^[0m
[0m[31merror[0m[2m:[0m [1msetRawMode failed with errno: 5[0m
[0m      [2mat [0m[0m[2m<anonymous>[0m[2m ([0m[0m[36mnode:tty[0m[2m:[0m[33m31[0m[2m:[33m42[0m[2m)[0m
[0m      [2mat [0m[0m[1m[3msetupInput[0m[2m ([0m[0m[36m/Users/brolylee/2026web/brocode/node_modules/.bun/@opentui+core@0.4.2+64015adf11caec84/node_modules/@opentui/core/index-6xr3rbbe.js[0m[2m:[0m[33m8867[0m[2m:[33m18[0m[2m)[0m
[0m      [2mat [0mnew CliRenderer[2m ([0m[0m[36m/Users/brolylee/2026web/brocode/node_modules/.bun/@opentui+core@0.4.2+64015adf11caec84/node_modules/@opentui/core/index-6xr3rbbe.js[0m[2m:[0m[33m7320[0m[2m:[33m12[0m[2m)[0m
[0m      [2mat [0m[0m[1m[3mcreateCliRenderer[0m[2m ([0m[0m[36m/Users/brolylee/2026web/brocode/node_modules/.bun/@opentui+core@0.4.2+64015adf11caec84/node_modules/@opentui/core/index-6xr3rbbe.js[0m[2m:[0m[33m6879[0m[2m:[33m20[0m[2m)[0m
[0m      [2mat [0m[0m[36m[2m/Users/brolylee/2026web/brocode/apps/cli/[0m[36msrc/index.tsx[0m[2m:[0m[33m16[0m[2m:[33m24[0m
[2J[3J[H[0m[1m8862 |[0m     })[0m[2m;[0m
[0m[1m8863 |[0m     [0m[33mthis[0m[0m[3m[1m.addInputHandler[0m([0m[33mthis[0m.capabilityHandler)[0m[2m;[0m
[0m[1m8864 |[0m     [0m[33mthis[0m[0m[3m[1m.addInputHandler[0m([0m[33mthis[0m.focusHandler)[0m[2m;[0m
[0m[1m8865 |[0m     [0m[33mthis[0m[0m[3m[1m.addInputHandler[0m([0m[33mthis[0m.themeModeHandler)[0m[2m;[0m
[0m[1m8866 |[0m     [0m[35mif[0m ([0m[33mthis[0m.stdin.setRawMode) {
[0m[1m8867 |[0m       [0m[33mthis[0m.stdin[0m[3m[1m.setRawMode[0m([0m[33mtrue[0m)[0m[2m;[0m
                        [31m[1m^[0m
[0m[31merror[0m[2m:[0m [1msetRawMode failed with errno: 5[0m
[0m      [2mat [0m[0m[2m<anonymous>[0m[2m ([0m[0m[36mnode:tty[0m[2m:[0m[33m31[0m[2m:[33m42[0m[2m)[0m
[0m      [2mat [0m[0m[1m[3msetupInput[0m[2m ([0m[0m[36m/Users/brolylee/2026web/brocode/node_modules/.bun/@opentui+core@0.4.2+64015adf11caec84/node_modules/@opentui/core/index-6xr3rbbe.js[0m[2m:[0m[33m8867[0m[2m:[33m18[0m[2m)[0m
[0m      [2mat [0mnew CliRenderer[2m ([0m[0m[36m/Users/brolylee/2026web/brocode/node_modules/.bun/@opentui+core@0.4.2+64015adf11caec84/node_modules/@opentui/core/index-6xr3rbbe.js[0m[2m:[0m[33m7320[0m[2m:[33m12[0m[2m)[0m
[0m      [2mat [0m[0m[1m[3mcreateCliRenderer[0m[2m ([0m[0m[36m/Users/brolylee/2026web/brocode/node_modules/.bun/@opentui+core@0.4.2+64015adf11caec84/node_modules/@opentui/core/index-6xr3rbbe.js[0m[2m:[0m[33m6879[0m[2m:[33m20[0m[2m)[0m
[0m      [2mat [0m[0m[36m[2m/Users/brolylee/2026web/brocode/apps/cli/[0m[36msrc/index.tsx[0m[2m:[0m[33m16[0m[2m:[33m24[0m
[2J[3J[H[0m[1m8862 |[0m     })[0m[2m;[0m
[0m[1m8863 |[0m     [0m[33mthis[0m[0m[3m[1m.addInputHandler[0m([0m[33mthis[0m.capabilityHandler)[0m[2m;[0m
[0m[1m8864 |[0m     [0m[33mthis[0m[0m[3m[1m.addInputHandler[0m([0m[33mthis[0m.focusHandler)[0m[2m;[0m
[0m[1m8865 |[0m     [0m[33mthis[0m[0m[3m[1m.addInputHandler[0m([0m[33mthis[0m.themeModeHandler)[0m[2m;[0m
[0m[1m8866 |[0m     [0m[35mif[0m ([0m[33mthis[0m.stdin.setRawMode) {
[0m[1m8867 |[0m       [0m[33mthis[0m.stdin[0m[3m[1m.setRawMode[0m([0m[33mtrue[0m)[0m[2m;[0m
                        [31m[1m^[0m
[0m[31merror[0m[2m:[0m [1msetRawMode failed with errno: 5[0m
[0m      [2mat [0m[0m[2m<anonymous>[0m[2m ([0m[0m[36mnode:tty[0m[2m:[0m[33m31[0m[2m:[33m42[0m[2m)[0m
[0m      [2mat [0m[0m[1m[3msetupInput[0m[2m ([0m[0m[36m/Users/brolylee/2026web/brocode/node_modules/.bun/@opentui+core@0.4.2+64015adf11caec84/node_modules/@opentui/core/index-6xr3rbbe.js[0m[2m:[0m[33m8867[0m[2m:[33m18[0m[2m)[0m
[0m      [2mat [0mnew CliRenderer[2m ([0m[0m[36m/Users/brolylee/2026web/brocode/node_modules/.bun/@opentui+core@0.4.2+64015adf11caec84/node_modules/@opentui/core/index-6xr3rbbe.js[0m[2m:[0m[33m7320[0m[2m:[33m12[0m[2m)[0m
[0m      [2mat [0m[0m[1m[3mcreateCliRenderer[0m[2m ([0m[0m[36m/Users/brolylee/2026web/brocode/node_modules/.bun/@opentui+core@0.4.2+64015adf11caec84/node_modules/@opentui/core/index-6xr3rbbe.js[0m[2m:[0m[33m6879[0m[2m:[33m20[0m[2m)[0m
[0m      [2mat [0m[0m[36m[2m/Users/brolylee/2026web/brocode/apps/cli/[0m[36msrc/index.tsx[0m[2m:[0m[33m16[0m[2m:[33m24[0m
[2J[3J[H[0m[1m8862 |[0m     })[0m[2m;[0m
[0m[1m8863 |[0m     [0m[33mthis[0m[0m[3m[1m.addInputHandler[0m([0m[33mthis[0m.capabilityHandler)[0m[2m;[0m
[0m[1m8864 |[0m     [0m[33mthis[0m[0m[3m[1m.addInputHandler[0m([0m[33mthis[0m.focusHandler)[0m[2m;[0m
[0m[1m8865 |[0m     [0m[33mthis[0m[0m[3m[1m.addInputHandler[0m([0m[33mthis[0m.themeModeHandler)[0m[2m;[0m
[0m[1m8866 |[0m     [0m[35mif[0m ([0m[33mthis[0m.stdin.setRawMode) {
[0m[1m8867 |[0m       [0m[33mthis[0m.stdin[0m[3m[1m.setRawMode[0m([0m[33mtrue[0m)[0m[2m;[0m
                        [31m[1m^[0m
[0m[31merror[0m[2m:[0m [1msetRawMode failed with errno: 5[0m
[0m      [2mat [0m[0m[2m<anonymous>[0m[2m ([0m[0m[36mnode:tty[0m[2m:[0m[33m31[0m[2m:[33m42[0m[2m)[0m
[0m      [2mat [0m[0m[1m[3msetupInput[0m[2m ([0m[0m[36m/Users/brolylee/2026web/brocode/node_modules/.bun/@opentui+core@0.4.2+64015adf11caec84/node_modules/@opentui/core/index-6xr3rbbe.js[0m[2m:[0m[33m8867[0m[2m:[33m18[0m[2m)[0m
[0m      [2mat [0mnew CliRenderer[2m ([0m[0m[36m/Users/brolylee/2026web/brocode/node_modules/.bun/@opentui+core@0.4.2+64015adf11caec84/node_modules/@opentui/core/index-6xr3rbbe.js[0m[2m:[0m[33m7320[0m[2m:[33m12[0m[2m)[0m
[0m      [2mat [0m[0m[1m[3mcreateCliRenderer[0m[2m ([0m[0m[36m/Users/brolylee/2026web/brocode/node_modules/.bun/@opentui+core@0.4.2+64015adf11caec84/node_modules/@opentui/core/index-6xr3rbbe.js[0m[2m:[0m[33m6879[0m[2m:[33m20[0m[2m)[0m
[0m      [2mat [0m[0m[36m[2m/Users/brolylee/2026web/brocode/apps/cli/[0m[36msrc/index.tsx[0m[2m:[0m[33m16[0m[2m:[33m24[0m
[2J[3J[H[0m[1m8862 |[0m     })[0m[2m;[0m
[0m[1m8863 |[0m     [0m[33mthis[0m[0m[3m[1m.addInputHandler[0m([0m[33mthis[0m.capabilityHandler)[0m[2m;[0m
[0m[1m8864 |[0m     [0m[33mthis[0m[0m[3m[1m.addInputHandler[0m([0m[33mthis[0m.focusHandler)[0m[2m;[0m
[0m[1m8865 |[0m     [0m[33mthis[0m[0m[3m[1m.addInputHandler[0m([0m[33mthis[0m.themeModeHandler)[0m[2m;[0m
[0m[1m8866 |[0m     [0m[35mif[0m ([0m[33mthis[0m.stdin.setRawMode) {
[0m[1m8867 |[0m       [0m[33mthis[0m.stdin[0m[3m[1m.setRawMode[0m([0m[33mtrue[0m)[0m[2m;[0m
                        [31m[1m^[0m
[0m[31merror[0m[2m:[0m [1msetRawMode failed with errno: 5[0m
[0m      [2mat [0m[0m[2m<anonymous>[0m[2m ([0m[0m[36mnode:tty[0m[2m:[0m[33m31[0m[2m:[33m42[0m[2m)[0m
[0m      [2mat [0m[0m[1m[3msetupInput[0m[2m ([0m[0m[36m/Users/brolylee/2026web/brocode/node_modules/.bun/@opentui+core@0.4.2+64015adf11caec84/node_modules/@opentui/core/index-6xr3rbbe.js[0m[2m:[0m[33m8867[0m[2m:[33m18[0m[2m)[0m
[0m      [2mat [0mnew CliRenderer[2m ([0m[0m[36m/Users/brolylee/2026web/brocode/node_modules/.bun/@opentui+core@0.4.2+64015adf11caec84/node_modules/@opentui/core/index-6xr3rbbe.js[0m[2m:[0m[33m7320[0m[2m:[33m12[0m[2m)[0m
[0m      [2mat [0m[0m[1m[3mcreateCliRenderer[0m[2m ([0m[0m[36m/Users/brolylee/2026web/brocode/node_modules/.bun/@opentui+core@0.4.2+64015adf11caec84/node_modules/@opentui/core/index-6xr3rbbe.js[0m[2m:[0m[33m6879[0m[2m:[33m20[0m[2m)[0m
[0m      [2mat [0m[0m[36m[2m/Users/brolylee/2026web/brocode/apps/cli/[0m[36msrc/index.tsx[0m[2m:[0m[33m16[0m[2m:[33m24[0m
[2J[3J[H[0m[1m8862 |[0m     })[0m[2m;[0m
[0m[1m8863 |[0m     [0m[33mthis[0m[0m[3m[1m.addInputHandler[0m([0m[33mthis[0m.capabilityHandler)[0m[2m;[0m
[0m[1m8864 |[0m     [0m[33mthis[0m[0m[3m[1m.addInputHandler[0m([0m[33mthis[0m.focusHandler)[0m[2m;[0m
[0m[1m8865 |[0m     [0m[33mthis[0m[0m[3m[1m.addInputHandler[0m([0m[33mthis[0m.themeModeHandler)[0m[2m;[0m
[0m[1m8866 |[0m     [0m[35mif[0m ([0m[33mthis[0m.stdin.setRawMode) {
[0m[1m8867 |[0m       [0m[33mthis[0m.stdin[0m[3m[1m.setRawMode[0m([0m[33mtrue[0m)[0m[2m;[0m
                        [31m[1m^[0m
[0m[31merror[0m[2m:[0m [1msetRawMode failed with errno: 5[0m
[0m      [2mat [0m[0m[36mnode:tty[0m[2m:[0m[33m31[0m[2m:[33m42[0m
[0m      [2mat [0msetupInput[2m ([0m[0m[36m/Users/brolylee/2026web/brocode/node_modules/.bun/@opentui+core@0.4.2+64015adf11caec84/node_modules/@opentui/core/index-6xr3rbbe.js[0m[2m:[0m[33m8867[0m[2m:[33m18[0m[2m)[0m
[0m      [2mat [0mCliRenderer[2m ([0m[0m[36m/Users/brolylee/2026web/brocode/node_modules/.bun/@opentui+core@0.4.2+64015adf11caec84/node_modules/@opentui/core/index-6xr3rbbe.js[0m[2m:[0m[33m8003[0m[2m:[33m9[0m[2m)[0m
[0m      [2mat [0mcreateCliRenderer[2m ([0m[0m[36m/Users/brolylee/2026web/brocode/node_modules/.bun/@opentui+core@0.4.2+64015adf11caec84/node_modules/@opentui/core/index-6xr3rbbe.js[0m[2m:[0m[33m7495[0m[2m:[33m21[0m[2m)[0m
[2J[3J[H[0m[1m8862 |[0m     })[0m[2m;[0m
[0m[1m8863 |[0m     [0m[33mthis[0m[0m[3m[1m.addInputHandler[0m([0m[33mthis[0m.capabilityHandler)[0m[2m;[0m
[0m[1m8864 |[0m     [0m[33mthis[0m[0m[3m[1m.addInputHandler[0m([0m[33mthis[0m.focusHandler)[0m[2m;[0m
[0m[1m8865 |[0m     [0m[33mthis[0m[0m[3m[1m.addInputHandler[0m([0m[33mthis[0m.themeModeHandler)[0m[2m;[0m
[0m[1m8866 |[0m     [0m[35mif[0m ([0m[33mthis[0m.stdin.setRawMode) {
[0m[1m8867 |[0m       [0m[33mthis[0m.stdin[0m[3m[1m.setRawMode[0m([0m[33mtrue[0m)[0m[2m;[0m
                        [31m[1m^[0m
[0m[31merror[0m[2m:[0m [1msetRawMode failed with errno: 5[0m
[0m      [2mat [0m[0m[2m<anonymous>[0m[2m ([0m[0m[36mnode:tty[0m[2m:[0m[33m31[0m[2m:[33m42[0m[2m)[0m
[0m      [2mat [0m[0m[1m[3msetupInput[0m[2m ([0m[0m[36m/Users/brolylee/2026web/brocode/node_modules/.bun/@opentui+core@0.4.2+64015adf11caec84/node_modules/@opentui/core/index-6xr3rbbe.js[0m[2m:[0m[33m8867[0m[2m:[33m18[0m[2m)[0m
[0m      [2mat [0mnew CliRenderer[2m ([0m[0m[36m/Users/brolylee/2026web/brocode/node_modules/.bun/@opentui+core@0.4.2+64015adf11caec84/node_modules/@opentui/core/index-6xr3rbbe.js[0m[2m:[0m[33m7320[0m[2m:[33m12[0m[2m)[0m
[0m      [2mat [0m[0m[1m[3mcreateCliRenderer[0m[2m ([0m[0m[36m/Users/brolylee/2026web/brocode/node_modules/.bun/@opentui+core@0.4.2+64015adf11caec84/node_modules/@opentui/core/index-6xr3rbbe.js[0m[2m:[0m[33m6879[0m[2m:[33m20[0m[2m)[0m
[0m      [2mat [0m[0m[36m[2m/Users/brolylee/2026web/brocode/apps/cli/[0m[36msrc/index.tsx[0m[2m:[0m[33m16[0m[2m:[33m24[0m
[2J[3J[H[0m[1m8862 |[0m     })[0m[2m;[0m
[0m[1m8863 |[0m     [0m[33mthis[0m[0m[3m[1m.addInputHandler[0m([0m[33mthis[0m.capabilityHandler)[0m[2m;[0m
[0m[1m8864 |[0m     [0m[33mthis[0m[0m[3m[1m.addInputHandler[0m([0m[33mthis[0m.focusHandler)[0m[2m;[0m
[0m[1m8865 |[0m     [0m[33mthis[0m[0m[3m[1m.addInputHandler[0m([0m[33mthis[0m.themeModeHandler)[0m[2m;[0m
[0m[1m8866 |[0m     [0m[35mif[0m ([0m[33mthis[0m.stdin.setRawMode) {
[0m[1m8867 |[0m       [0m[33mthis[0m.stdin[0m[3m[1m.setRawMode[0m([0m[33mtrue[0m)[0m[2m;[0m
                        [31m[1m^[0m
[0m[31merror[0m[2m:[0m [1msetRawMode failed with errno: 5[0m
[0m      [2mat [0m[0m[2m<anonymous>[0m[2m ([0m[0m[36mnode:tty[0m[2m:[0m[33m31[0m[2m:[33m42[0m[2m)[0m
[0m      [2mat [0m[0m[1m[3msetupInput[0m[2m ([0m[0m[36m/Users/brolylee/2026web/brocode/node_modules/.bun/@opentui+core@0.4.2+64015adf11caec84/node_modules/@opentui/core/index-6xr3rbbe.js[0m[2m:[0m[33m8867[0m[2m:[33m18[0m[2m)[0m
[0m      [2mat [0mnew CliRenderer[2m ([0m[0m[36m/Users/brolylee/2026web/brocode/node_modules/.bun/@opentui+core@0.4.2+64015adf11caec84/node_modules/@opentui/core/index-6xr3rbbe.js[0m[2m:[0m[33m7320[0m[2m:[33m12[0m[2m)[0m
[0m      [2mat [0m[0m[1m[3mcreateCliRenderer[0m[2m ([0m[0m[36m/Users/brolylee/2026web/brocode/node_modules/.bun/@opentui+core@0.4.2+64015adf11caec84/node_modules/@opentui/core/index-6xr3rbbe.js[0m[2m:[0m[33m6879[0m[2m:[33m20[0m[2m)[0m
[0m      [2mat [0m[0m[36m[2m/Users/brolylee/2026web/brocode/apps/cli/[0m[36msrc/index.tsx[0m[2m:[0m[33m16[0m[2m:[33m24[0m
